2026-08-06 17:07:15,061 [INFO] Starting WNBA data extraction...
2026-08-06 17:07:17,129 [WARNING] Attempt 1: Received HTTP status code 401
2026-08-06 17:07:20,850 [WARNING] Attempt 2: Received HTTP status code 401
2026-08-06 17:07:25,870 [WARNING] Attempt 3: Received HTTP status code 401
2026-08-06 17:07:33,871 [ERROR] Failed to retrieve data after 3 attempts.
2026-08-06 17:07:33,877 [WARNING] API returned empty response or rate limit hit. Generating fallback dataset for staging...
2026-08-06 17:07:33,934 [INFO] Loading raw payload into PostgreSQL staging table 'wnba_games_raw'...
2026-08-06 17:15:10,890 [INFO] Starting WNBA data extraction...
2026-08-06 17:15:12,769 [WARNING] Attempt 1: Received HTTP status code 401
2026-08-06 17:15:15,890 [WARNING] Attempt 2: Received HTTP status code 401
2026-08-06 17:15:20,893 [WARNING] Attempt 3: Received HTTP status code 401
2026-08-06 17:15:28,894 [ERROR] Failed to retrieve data after 3 attempts.
2026-08-06 17:15:28,899 [WARNING] API returned empty response or rate limit hit. Generating fallback dataset for staging...
2026-08-06 17:15:28,954 [INFO] Loading raw payload into PostgreSQL staging table 'wnba_games_raw'...
2026-08-06 17:15:29,423 [INFO] Loaded 300 rows into 'wnba_games_raw'.
2026-08-06 17:15:29,423 [INFO] Extracting from 'wnba_games_raw' for cleaning & transformation...
2026-08-06 17:15:29,449 [INFO] Loading 300 cleaned records into 'wnba_games_clean'...
2026-08-06 17:15:29,509 [INFO] SQL View 'wnba_analytics_view' successfully created/updated.
2026-08-06 17:15:29,510 [INFO] ETL Pipeline completed successfully!
2026-08-06 18:26:36,583 [INFO] Adding job tentatively -- it will be properly scheduled when the scheduler starts
2026-08-06 18:26:36,584 [INFO] Added job "run_scheduled_etl" to job store "default"
2026-08-06 18:26:36,584 [INFO] Scheduler started
2026-08-06 18:39:28,800 [INFO] Scheduler has been shut down
2026-08-06 18:39:33,582 [INFO] Starting WNBA data extraction...
2026-08-06 18:39:35,798 [WARNING] Attempt 1: Received HTTP status code 401
2026-08-06 18:39:38,799 [WARNING] Attempt 2: Received HTTP status code 401
2026-08-06 18:39:43,811 [WARNING] Attempt 3: Received HTTP status code 401
2026-08-06 18:39:51,812 [ERROR] Failed to retrieve data after 3 attempts.
2026-08-06 18:39:51,817 [WARNING] API returned empty response or rate limit hit. Generating fallback dataset for staging...
2026-08-06 18:39:51,888 [INFO] Loading raw payload into PostgreSQL staging table 'wnba_games_raw'...
2026-08-06 18:39:52,635 [INFO] Loaded 300 rows into 'wnba_games_raw'.
2026-08-06 18:39:52,635 [INFO] Extracting from 'wnba_games_raw' for cleaning & transformation...
2026-08-06 18:39:52,670 [INFO] Loading 300 cleaned records into 'wnba_games_clean'...
2026-08-06 18:42:55,819 [INFO] Starting WNBA data extraction...
2026-08-06 18:42:56,866 [WARNING] Attempt 1: Received HTTP status code 401
2026-08-06 18:43:00,528 [WARNING] Attempt 2: Received HTTP status code 401
2026-08-06 18:43:05,555 [WARNING] Attempt 3: Received HTTP status code 401
2026-08-06 18:43:13,557 [ERROR] Failed to retrieve data after 3 attempts.
2026-08-06 18:43:13,561 [WARNING] API returned empty response or rate limit hit. Generating fallback dataset for staging...
2026-08-06 18:43:13,596 [INFO] Loading raw payload into PostgreSQL staging table 'wnba_games_raw'...
2026-08-06 18:43:13,938 [INFO] Loaded 300 rows into 'wnba_games_raw'.
2026-08-06 18:43:13,938 [INFO] Extracting from 'wnba_games_raw' for cleaning & transformation...
2026-08-06 18:43:13,953 [INFO] Loading 300 cleaned records into 'wnba_games_clean'...
2026-08-06 18:43:14,165 [INFO] SQL View 'wnba_analytics_view' successfully created/updated.
2026-08-06 18:43:14,166 [INFO] Exporting 'wnba_analytics_view' to CSV for Tableau sync...
2026-08-06 18:43:14,181 [INFO] Successfully updated 'wnba_analytics_view.csv'.
2026-08-06 18:43:14,182 [INFO] ETL Pipeline completed successfully!
2026-08-06 18:45:41,795 [INFO] Adding job tentatively -- it will be properly scheduled when the scheduler starts
2026-08-06 18:45:41,796 [INFO] Added job "run_scheduled_etl" to job store "default"
2026-08-06 18:45:41,797 [INFO] Scheduler started
2026-08-06 18:45:41,798 [INFO] Starting WNBA data extraction...
2026-08-06 18:45:43,091 [WARNING] Attempt 1: Received HTTP status code 401
2026-08-06 18:45:46,163 [WARNING] Attempt 2: Received HTTP status code 401
2026-08-06 18:45:51,865 [WARNING] Attempt 3: Received HTTP status code 401
2026-08-06 18:45:59,866 [ERROR] Failed to retrieve data after 3 attempts.
2026-08-06 18:45:59,868 [WARNING] API returned empty response or rate limit hit. Generating fallback dataset for staging...
2026-08-06 18:45:59,902 [INFO] Loading raw payload into PostgreSQL staging table 'wnba_games_raw'...
2026-08-06 18:46:00,233 [INFO] Loaded 300 rows into 'wnba_games_raw'.
2026-08-06 18:46:00,233 [INFO] Extracting from 'wnba_games_raw' for cleaning & transformation...
2026-08-06 18:46:00,249 [INFO] Loading 300 cleaned records into 'wnba_games_clean'...
2026-08-06 18:46:00,343 [INFO] SQL View 'wnba_analytics_view' successfully created/updated.
2026-08-06 18:46:00,343 [INFO] Exporting 'wnba_analytics_view' to CSV for Tableau sync...
2026-08-06 18:46:00,359 [INFO] Successfully updated 'wnba_analytics_view.csv'.
2026-08-06 18:46:00,360 [INFO] ETL Pipeline completed successfully!
2026-08-06 19:00:41,832 [INFO] Running job "run_scheduled_etl (trigger: interval[0:15:00], next run at: 2026-08-06 19:00:41 SAST)" (scheduled at 2026-08-06 19:00:41.795508+02:00)
2026-08-06 19:00:41,841 [INFO] Starting WNBA data extraction...
2026-08-06 19:00:44,073 [WARNING] Attempt 1: Received HTTP status code 401
2026-08-06 19:00:47,129 [WARNING] Attempt 2: Received HTTP status code 401
2026-08-06 19:00:53,029 [WARNING] Attempt 3: Received HTTP status code 401
2026-08-06 19:01:01,030 [ERROR] Failed to retrieve data after 3 attempts.
2026-08-06 19:01:01,037 [WARNING] API returned empty response or rate limit hit. Generating fallback dataset for staging...
2026-08-06 19:01:01,158 [INFO] Loading raw payload into PostgreSQL staging table 'wnba_games_raw'...
2026-08-06 19:01:01,344 [INFO] Loaded 300 rows into 'wnba_games_raw'.
2026-08-06 19:01:01,344 [INFO] Extracting from 'wnba_games_raw' for cleaning & transformation...
2026-08-06 19:01:01,368 [INFO] Loading 300 cleaned records into 'wnba_games_clean'...
2026-08-06 19:01:01,465 [INFO] SQL View 'wnba_analytics_view' successfully created/updated.
2026-08-06 19:01:01,465 [INFO] Exporting 'wnba_analytics_view' to CSV for Tableau sync...
2026-08-06 19:01:01,482 [INFO] Successfully updated 'wnba_analytics_view.csv'.
2026-08-06 19:01:01,483 [INFO] ETL Pipeline completed successfully!
2026-08-06 19:01:01,483 [INFO] Job "run_scheduled_etl (trigger: interval[0:15:00], next run at: 2026-08-06 19:15:41 SAST)" executed successfully
2026-08-06 19:15:41,820 [INFO] Running job "run_scheduled_etl (trigger: interval[0:15:00], next run at: 2026-08-06 19:30:41 SAST)" (scheduled at 2026-08-06 19:15:41.795508+02:00)
2026-08-06 19:15:41,824 [INFO] Starting WNBA data extraction...
2026-08-06 19:15:43,203 [WARNING] Attempt 1: Received HTTP status code 401
2026-08-06 19:15:46,336 [WARNING] Attempt 2: Received HTTP status code 401
2026-08-06 19:15:52,035 [WARNING] Attempt 3: Received HTTP status code 401
2026-08-06 19:16:00,036 [ERROR] Failed to retrieve data after 3 attempts.
2026-08-06 19:16:00,041 [WARNING] API returned empty response or rate limit hit. Generating fallback dataset for staging...
2026-08-06 19:16:00,097 [INFO] Loading raw payload into PostgreSQL staging table 'wnba_games_raw'...
2026-08-06 19:16:00,249 [INFO] Loaded 300 rows into 'wnba_games_raw'.
2026-08-06 19:16:00,249 [INFO] Extracting from 'wnba_games_raw' for cleaning & transformation...
2026-08-06 19:16:00,277 [INFO] Loading 300 cleaned records into 'wnba_games_clean'...
2026-08-06 19:16:00,393 [INFO] SQL View 'wnba_analytics_view' successfully created/updated.
2026-08-06 19:16:00,395 [INFO] Exporting 'wnba_analytics_view' to CSV for Tableau sync...
2026-08-06 19:16:00,415 [INFO] Successfully updated 'wnba_analytics_view.csv'.
2026-08-06 19:16:00,416 [INFO] ETL Pipeline completed successfully!
2026-08-06 19:16:00,417 [INFO] Job "run_scheduled_etl (trigger: interval[0:15:00], next run at: 2026-08-06 19:30:41 SAST)" executed successfully
2026-08-06 19:30:41,873 [INFO] Running job "run_scheduled_etl (trigger: interval[0:15:00], next run at: 2026-08-06 19:45:41 SAST)" (scheduled at 2026-08-06 19:30:41.795508+02:00)
2026-08-06 19:30:41,882 [INFO] Starting WNBA data extraction...
2026-08-06 19:30:44,019 [WARNING] Attempt 1: Received HTTP status code 401
2026-08-06 19:30:47,846 [WARNING] Attempt 2: Received HTTP status code 401
2026-08-06 19:30:52,999 [WARNING] Attempt 3: Received HTTP status code 401
2026-08-06 19:31:01,001 [ERROR] Failed to retrieve data after 3 attempts.
2026-08-06 19:31:01,005 [WARNING] API returned empty response or rate limit hit. Generating fallback dataset for staging...
2026-08-06 19:31:01,100 [INFO] Loading raw payload into PostgreSQL staging table 'wnba_games_raw'...
2026-08-06 19:31:01,265 [INFO] Loaded 300 rows into 'wnba_games_raw'.
2026-08-06 19:31:01,266 [INFO] Extracting from 'wnba_games_raw' for cleaning & transformation...
2026-08-06 19:31:01,290 [INFO] Loading 300 cleaned records into 'wnba_games_clean'...
2026-08-06 19:31:01,383 [INFO] SQL View 'wnba_analytics_view' successfully created/updated.
2026-08-06 19:31:01,383 [INFO] Exporting 'wnba_analytics_view' to CSV for Tableau sync...
2026-08-06 19:31:01,400 [INFO] Successfully updated 'wnba_analytics_view.csv'.
2026-08-06 19:31:01,400 [INFO] ETL Pipeline completed successfully!
2026-08-06 19:31:01,401 [INFO] Job "run_scheduled_etl (trigger: interval[0:15:00], next run at: 2026-08-06 19:45:41 SAST)" executed successfully
2026-08-06 19:45:41,833 [INFO] Running job "run_scheduled_etl (trigger: interval[0:15:00], next run at: 2026-08-06 20:00:41 SAST)" (scheduled at 2026-08-06 19:45:41.795508+02:00)
2026-08-06 19:45:41,848 [INFO] Starting WNBA data extraction...
2026-08-06 19:45:44,069 [WARNING] Attempt 1: Received HTTP status code 401
2026-08-06 19:45:47,199 [WARNING] Attempt 2: Received HTTP status code 401
2026-08-06 19:45:52,333 [WARNING] Attempt 3: Received HTTP status code 401
2026-08-06 19:46:00,334 [ERROR] Failed to retrieve data after 3 attempts.
2026-08-06 19:46:00,339 [WARNING] API returned empty response or rate limit hit. Generating fallback dataset for staging...
2026-08-06 19:46:00,444 [INFO] Loading raw payload into PostgreSQL staging table 'wnba_games_raw'...
2026-08-06 19:46:00,671 [INFO] Loaded 300 rows into 'wnba_games_raw'.
2026-08-06 19:46:00,671 [INFO] Extracting from 'wnba_games_raw' for cleaning & transformation...
2026-08-06 19:46:00,698 [INFO] Loading 300 cleaned records into 'wnba_games_clean'...
2026-08-06 19:46:01,220 [INFO] SQL View 'wnba_analytics_view' successfully created/updated.
2026-08-06 19:46:01,221 [INFO] Exporting 'wnba_analytics_view' to CSV for Tableau sync...
2026-08-06 19:46:01,240 [INFO] Successfully updated 'wnba_analytics_view.csv'.
2026-08-06 19:46:01,240 [INFO] ETL Pipeline completed successfully!
2026-08-06 19:46:01,241 [INFO] Job "run_scheduled_etl (trigger: interval[0:15:00], next run at: 2026-08-06 20:00:41 SAST)" executed successfully
2026-08-06 20:00:41,820 [INFO] Running job "run_scheduled_etl (trigger: interval[0:15:00], next run at: 2026-08-06 20:15:41 SAST)" (scheduled at 2026-08-06 20:00:41.795508+02:00)
2026-08-06 20:00:41,828 [INFO] Starting WNBA data extraction...
2026-08-06 20:00:43,425 [WARNING] Attempt 1: Received HTTP status code 401
2026-08-06 20:00:46,515 [WARNING] Attempt 2: Received HTTP status code 401
2026-08-06 20:00:51,702 [WARNING] Attempt 3: Received HTTP status code 401
2026-08-06 20:00:59,704 [ERROR] Failed to retrieve data after 3 attempts.
2026-08-06 20:00:59,706 [WARNING] API returned empty response or rate limit hit. Generating fallback dataset for staging...
2026-08-06 20:00:59,755 [INFO] Loading raw payload into PostgreSQL staging table 'wnba_games_raw'...
2026-08-06 20:00:59,911 [INFO] Loaded 300 rows into 'wnba_games_raw'.
2026-08-06 20:00:59,912 [INFO] Extracting from 'wnba_games_raw' for cleaning & transformation...
2026-08-06 20:00:59,945 [INFO] Loading 300 cleaned records into 'wnba_games_clean'...
2026-08-06 20:01:00,104 [INFO] SQL View 'wnba_analytics_view' successfully created/updated.
2026-08-06 20:01:00,104 [INFO] Exporting 'wnba_analytics_view' to CSV for Tableau sync...
2026-08-06 20:01:00,118 [INFO] Successfully updated 'wnba_analytics_view.csv'.
2026-08-06 20:01:00,118 [INFO] ETL Pipeline completed successfully!
2026-08-06 20:01:00,119 [INFO] Job "run_scheduled_etl (trigger: interval[0:15:00], next run at: 2026-08-06 20:15:41 SAST)" executed successfully
2026-08-06 20:15:41,809 [INFO] Running job "run_scheduled_etl (trigger: interval[0:15:00], next run at: 2026-08-06 20:30:41 SAST)" (scheduled at 2026-08-06 20:15:41.795508+02:00)
2026-08-06 20:15:41,812 [INFO] Starting WNBA data extraction...
2026-08-06 20:15:43,306 [WARNING] Attempt 1: Received HTTP status code 401
2026-08-06 20:15:46,366 [WARNING] Attempt 2: Received HTTP status code 401
2026-08-06 20:15:51,369 [WARNING] Attempt 3: Received HTTP status code 401
2026-08-06 20:15:59,370 [ERROR] Failed to retrieve data after 3 attempts.
2026-08-06 20:15:59,375 [WARNING] API returned empty response or rate limit hit. Generating fallback dataset for staging...
2026-08-06 20:15:59,432 [INFO] Loading raw payload into PostgreSQL staging table 'wnba_games_raw'...
2026-08-06 20:15:59,593 [INFO] Loaded 300 rows into 'wnba_games_raw'.
2026-08-06 20:15:59,593 [INFO] Extracting from 'wnba_games_raw' for cleaning & transformation...
2026-08-06 20:15:59,617 [INFO] Loading 300 cleaned records into 'wnba_games_clean'...
2026-08-06 20:15:59,718 [INFO] SQL View 'wnba_analytics_view' successfully created/updated.
2026-08-06 20:15:59,718 [INFO] Exporting 'wnba_analytics_view' to CSV for Tableau sync...
2026-08-06 20:15:59,735 [INFO] Successfully updated 'wnba_analytics_view.csv'.
2026-08-06 20:15:59,735 [INFO] ETL Pipeline completed successfully!
2026-08-06 20:15:59,736 [INFO] Job "run_scheduled_etl (trigger: interval[0:15:00], next run at: 2026-08-06 20:30:41 SAST)" executed successfully
2026-08-08 20:20:08,313 [INFO] Starting WNBA data extraction...
2026-08-08 20:20:10,173 [WARNING] Attempt 1: Received HTTP status code 401
2026-08-08 20:20:14,092 [WARNING] Attempt 2: Received HTTP status code 401
2026-08-08 20:20:19,439 [WARNING] Attempt 3: Received HTTP status code 401
2026-08-08 20:20:27,440 [ERROR] Failed to retrieve data after 3 attempts.
2026-08-08 20:20:27,442 [WARNING] API returned empty response or rate limit hit. Generating fallback dataset for staging...
2026-08-08 20:20:27,503 [INFO] Loading raw payload into PostgreSQL staging table 'wnba_games_raw'...
2026-08-08 20:21:53,427 [INFO] Starting WNBA data extraction...
2026-08-08 20:21:54,632 [WARNING] Attempt 1: Received HTTP status code 401
2026-08-08 20:21:57,805 [WARNING] Attempt 2: Received HTTP status code 401
2026-08-08 20:22:02,969 [WARNING] Attempt 3: Received HTTP status code 401
2026-08-08 20:22:10,970 [ERROR] Failed to retrieve data after 3 attempts.
2026-08-08 20:22:10,976 [WARNING] API returned empty response or rate limit hit. Generating fallback dataset for staging...
2026-08-08 20:22:11,013 [INFO] Loading raw payload into PostgreSQL staging table 'wnba_games_raw'...
2026-08-08 20:27:14,666 [INFO] Starting WNBA data extraction...
2026-08-08 20:27:16,223 [WARNING] Attempt 1: Received HTTP status code 401
2026-08-08 20:27:19,399 [WARNING] Attempt 2: Received HTTP status code 401
2026-08-08 20:27:24,567 [WARNING] Attempt 3: Received HTTP status code 401
2026-08-08 20:27:32,569 [ERROR] Failed to retrieve data after 3 attempts.
2026-08-08 20:27:32,573 [WARNING] API returned empty response or rate limit hit. Generating fallback dataset for staging...
2026-08-08 20:27:32,609 [INFO] Loading raw payload into PostgreSQL staging table 'wnba_games_raw'...
2026-08-08 20:27:38,840 [INFO] Loaded 300 rows into 'wnba_games_raw'.
2026-08-08 20:27:38,841 [INFO] Extracting from 'wnba_games_raw' for cleaning & transformation...
2026-08-08 20:27:41,397 [INFO] Loading 300 cleaned records into 'wnba_games_clean'...
2026-08-08 20:27:43,572 [INFO] SQL View 'wnba_analytics_view' successfully created/updated.
2026-08-08 20:27:43,572 [INFO] Exporting 'wnba_analytics_view' to CSV for Tableau sync...
2026-08-08 20:27:44,641 [INFO] Successfully updated 'wnba_analytics_view.csv'.
2026-08-08 20:27:44,642 [INFO] ETL Pipeline completed successfully!
2026-08-08 20:57:25,629 [INFO] Starting WNBA data extraction...
2026-08-08 20:57:27,120 [WARNING] Attempt 1: Received HTTP status code 401
2026-08-08 20:57:30,501 [WARNING] Attempt 2: Received HTTP status code 401
2026-08-08 20:57:35,646 [WARNING] Attempt 3: Received HTTP status code 401
2026-08-08 20:57:43,646 [ERROR] Failed to retrieve data after 3 attempts.
2026-08-08 20:57:43,648 [WARNING] API returned empty response or rate limit hit. Generating fallback dataset for staging...
2026-08-08 20:57:43,690 [INFO] Loading raw payload into PostgreSQL staging table 'wnba_games_raw'...
2026-08-08 20:57:55,705 [INFO] Loaded 300 rows into 'wnba_games_raw'.
2026-08-08 20:57:55,706 [INFO] Extracting from 'wnba_games_raw' for cleaning & transformation...
2026-08-08 20:58:00,490 [INFO] Loading 300 cleaned records into 'wnba_games_clean'...
2026-08-08 20:58:10,493 [INFO] SQL View 'wnba_analytics_view' successfully created/updated.
2026-08-08 20:58:10,494 [INFO] Exporting 'wnba_analytics_view' to CSV for Tableau sync...
2026-08-08 20:58:13,092 [INFO] Successfully updated 'wnba_analytics_view.csv'.
2026-08-08 20:58:13,093 [INFO] ETL Pipeline completed successfully!
